2026-03-20 13:32:29,688 - INFO - Script de coleta de precos iniciado.
2026-03-20 13:32:29,689 - INFO - Iniciando busca para: ACIDO BORICO...
2026-03-20 13:32:32,933 - INFO - Preco encontrado para ACIDO BORICO: 567.64 BRL/kg na Mercado Livre.
2026-03-20 13:32:37,001 - INFO - Iniciando busca para: ACIDO CAPRICO C10...
2026-03-20 13:32:39,576 - INFO - Preco encontrado para ACIDO CAPRICO C10: 225.75 BRL/kg na Mercado Livre.
2026-03-20 13:32:41,974 - INFO - Iniciando busca para: ACIDO CAPRILICO C18...
2026-03-20 13:32:45,235 - INFO - Preco encontrado para ACIDO CAPRILICO C18: 157.05 BRL/kg na Mercado Livre.
2026-03-20 13:32:47,326 - INFO - Iniciando busca para: ACIDO OLEICO...
2026-03-20 13:32:50,993 - INFO - Preco encontrado para ACIDO OLEICO: 149.0 BRL/L na Mercado Livre.
2026-03-20 13:32:54,448 - INFO - Iniciando busca para: ACIDO PALMITICO (MI - EVONIK)...
2026-03-20 13:32:56,941 - INFO - Preco encontrado para ACIDO PALMITICO (MI - EVONIK): 10.9 BRL/kg na Mercado Livre.
2026-03-20 13:33:01,373 - INFO - Iniciando busca para: ALCOOL CETILICO...
2026-03-20 13:33:03,794 - INFO - Preco encontrado para ALCOOL CETILICO: 39.77 BRL/kg na Mercado Livre.
2026-03-20 13:33:05,873 - INFO - Iniciando busca para: ALCOOL CETOESTEARILICO...
2026-03-20 13:33:09,041 - INFO - Preco encontrado para ALCOOL CETOESTEARILICO: 40.0 BRL/kg na Mercado Livre.
2026-03-20 13:33:11,226 - INFO - Iniciando busca para: ALCOOL CETOESTEARILICO 20 EO...
2026-03-20 13:33:13,723 - INFO - Preco encontrado para ALCOOL CETOESTEARILICO 20 EO: 24.0 BRL/kg na Mercado Livre.
2026-03-20 13:33:18,505 - INFO - Iniciando busca para: CLORETO DE BENZILA...
2026-03-20 13:33:22,794 - INFO - Preco encontrado para CLORETO DE BENZILA: 398.07 BRL/L na Mercado Livre.
2026-03-20 13:33:25,823 - INFO - Iniciando busca para: DMAPA...
2026-03-20 13:33:29,694 - INFO - Preco encontrado para DMAPA: 217.8 BRL/L na Mercado Livre.
2026-03-20 13:33:34,518 - INFO - Iniciando busca para: MIRISTATO DE ISOPROPILA...
2026-03-20 13:33:38,734 - INFO - Preco encontrado para MIRISTATO DE ISOPROPILA: 45.0 BRL/L na Mercado Livre.
2026-03-20 13:33:41,306 - INFO - Iniciando busca para: MOLECULAR SIEVE 3A POWDER...
2026-03-20 13:33:43,757 - INFO - Preco encontrado para MOLECULAR SIEVE 3A POWDER: 519.76 BRL/kg na Mercado Livre.
2026-03-20 13:33:48,574 - INFO - Iniciando busca para: PALMITATO DE ISOPROPILA...
2026-03-20 13:33:51,336 - INFO - Preco encontrado para PALMITATO DE ISOPROPILA: 64.79 BRL/L na Mercado Livre.
2026-03-20 13:33:54,686 - INFO - Iniciando busca para: PEG 3350 - POLIETILENOGLICOL...
2026-03-20 13:33:57,345 - INFO - Preco encontrado para PEG 3350 - POLIETILENOGLICOL: 129.9 BRL/kg na Mercado Livre.
2026-03-20 13:34:02,094 - INFO - Iniciando busca para: PEG 4000 - POLIETILENOGLICOL...
2026-03-20 13:34:04,413 - INFO - Preco encontrado para PEG 4000 - POLIETILENOGLICOL: 82.5 BRL/kg na Mercado Livre.
2026-03-20 13:34:09,084 - INFO - Iniciando busca para: POLISORBATO 20...
2026-03-20 13:34:10,949 - INFO - Preco encontrado para POLISORBATO 20: 39.9 BRL/L na Mercado Livre.
2026-03-20 13:34:14,346 - INFO - Iniciando busca para: POLISORBATO 60...
2026-03-20 13:34:16,296 - INFO - Preco encontrado para POLISORBATO 60: 29.99 BRL/L na Mercado Livre.
2026-03-20 13:34:21,085 - INFO - Iniciando busca para: POLISORBATO 80...
2026-03-20 13:34:22,692 - INFO - Preco encontrado para POLISORBATO 80: 65.0 BRL/L na Mercado Livre.
2026-03-20 13:34:26,630 - INFO - Iniciando busca para: SMCA...
2026-03-20 13:34:29,349 - INFO - Preco encontrado para SMCA: 333.02 BRL/kg na Mercado Livre.
2026-03-20 13:34:31,738 - INFO - Iniciando busca para: SORBITOL 70...
2026-03-20 13:34:34,594 - INFO - Preco encontrado para SORBITOL 70: 170.5 BRL/L na Mercado Livre.
2026-03-20 13:34:38,280 - INFO - Backup do arquivo Excel criado em: C:\Users\lsilva\OneDrive - Meridional TCS Ind e Com de Oleos S A\Arquivos\Python\importado\historico_precos_quimicos_backup_20260320133438.xlsx
2026-03-20 13:34:38,716 - INFO - Novos precos concatenados com o historico existente.
2026-03-20 13:34:38,777 - INFO - Coleta concluida. Dados atualizados e salvos em C:\Users\lsilva\OneDrive - Meridional TCS Ind e Com de Oleos S A\Arquivos\Python\importado\historico_precos_quimicos.xlsx
2026-03-20 13:34:38,792 - INFO - Script de coleta de precos finalizado.
2026-03-20 14:08:06,732 - INFO - Script de coleta de precos iniciado.
2026-03-20 14:08:06,732 - INFO - Iniciando busca para: ACIDO BORICO...
2026-03-20 14:08:09,666 - INFO - Preco encontrado para ACIDO BORICO: 567.64 BRL/kg na Mercado Livre.
2026-03-20 14:08:13,922 - INFO - Iniciando busca para: ACIDO CAPRICO C10...
2026-03-20 14:08:17,618 - INFO - Preco encontrado para ACIDO CAPRICO C10: 225.75 BRL/kg na Mercado Livre.
2026-03-20 14:08:19,832 - INFO - Iniciando busca para: ACIDO CAPRILICO C18...
2026-03-20 14:08:25,418 - INFO - Preco encontrado para ACIDO CAPRILICO C18: 189.6 BRL/kg na Mercado Livre.
2026-03-20 14:08:28,208 - INFO - Iniciando busca para: ACIDO OLEICO...
2026-03-20 14:08:32,372 - INFO - Preco encontrado para ACIDO OLEICO: 149.0 BRL/L na Mercado Livre.
2026-03-20 14:08:36,455 - INFO - Iniciando busca para: ACIDO PALMITICO (MI - EVONIK)...
2026-03-20 14:08:39,334 - INFO - Preco encontrado para ACIDO PALMITICO (MI - EVONIK): 10.9 BRL/kg na Mercado Livre.
2026-03-20 14:08:43,977 - INFO - Iniciando busca para: ALCOOL CETILICO...
2026-03-20 14:08:47,000 - INFO - Preco encontrado para ALCOOL CETILICO: 39.77 BRL/kg na Mercado Livre.
2026-03-20 14:08:50,846 - INFO - Iniciando busca para: ALCOOL CETOESTEARILICO...
2026-03-20 14:08:53,274 - INFO - Preco encontrado para ALCOOL CETOESTEARILICO: 40.0 BRL/kg na Mercado Livre.
2026-03-20 14:08:57,765 - INFO - Iniciando busca para: ALCOOL CETOESTEARILICO 20 EO...
2026-03-20 14:08:59,808 - INFO - Preco encontrado para ALCOOL CETOESTEARILICO 20 EO: 24.0 BRL/kg na Mercado Livre.
2026-03-20 14:09:04,082 - INFO - Iniciando busca para: CLORETO DE BENZILA...
2026-03-20 14:09:07,448 - INFO - Preco encontrado para CLORETO DE BENZILA: 398.07 BRL/L na Mercado Livre.
2026-03-20 14:09:10,893 - INFO - Iniciando busca para: DMAPA...
2026-03-20 14:09:14,933 - INFO - Preco encontrado para DMAPA: 217.8 BRL/L na Mercado Livre.
2026-03-20 14:09:17,810 - INFO - Iniciando busca para: MIRISTATO DE ISOPROPILA...
2026-03-20 14:09:19,676 - INFO - Preco encontrado para MIRISTATO DE ISOPROPILA: 45.0 BRL/L na Mercado Livre.
2026-03-20 14:09:24,378 - INFO - Iniciando busca para: MOLECULAR SIEVE 3A POWDER...
2026-03-20 14:09:26,136 - INFO - Preco encontrado para MOLECULAR SIEVE 3A POWDER: 519.76 BRL/kg na Mercado Livre.
2026-03-20 14:09:30,343 - INFO - Iniciando busca para: PALMITATO DE ISOPROPILA...
2026-03-20 14:09:32,369 - INFO - Preco encontrado para PALMITATO DE ISOPROPILA: 64.79 BRL/L na Mercado Livre.
2026-03-20 14:09:35,785 - INFO - Iniciando busca para: PEG 3350 - POLIETILENOGLICOL...
2026-03-20 14:09:38,329 - INFO - Preco encontrado para PEG 3350 - POLIETILENOGLICOL: 129.9 BRL/kg na Mercado Livre.
2026-03-20 14:09:41,523 - INFO - Iniciando busca para: PEG 4000 - POLIETILENOGLICOL...
2026-03-20 14:09:43,099 - INFO - Preco encontrado para PEG 4000 - POLIETILENOGLICOL: 82.5 BRL/kg na Mercado Livre.
2026-03-20 14:09:46,642 - INFO - Iniciando busca para: POLISORBATO 20...
2026-03-20 14:09:49,093 - INFO - Preco encontrado para POLISORBATO 20: 39.9 BRL/L na Mercado Livre.
2026-03-20 14:09:53,971 - INFO - Iniciando busca para: POLISORBATO 60...
2026-03-20 14:09:56,084 - INFO - Preco encontrado para POLISORBATO 60: 29.99 BRL/L na Mercado Livre.
2026-03-20 14:10:00,373 - INFO - Iniciando busca para: POLISORBATO 80...
2026-03-20 14:10:01,939 - INFO - Preco encontrado para POLISORBATO 80: 65.0 BRL/L na Mercado Livre.
2026-03-20 14:10:06,700 - INFO - Iniciando busca para: SMCA...
2026-03-20 14:10:09,972 - INFO - Preco encontrado para SMCA: 333.02 BRL/kg na Mercado Livre.
2026-03-20 14:10:12,494 - INFO - Iniciando busca para: SORBITOL 70...
2026-03-20 14:10:15,092 - INFO - Preco encontrado para SORBITOL 70: 170.5 BRL/L na Mercado Livre.
2026-03-20 14:10:17,546 - INFO - Backup do arquivo Excel criado em: C:\Users\lsilva\OneDrive - Meridional TCS Ind e Com de Oleos S A\Arquivos\Python\importado\historico_precos_quimicos_backup_20260320141017.xlsx
2026-03-20 14:10:17,837 - INFO - Novos precos concatenados com o historico existente.
2026-03-20 14:10:17,921 - INFO - Coleta concluida. Dados atualizados e salvos em C:\Users\lsilva\OneDrive - Meridional TCS Ind e Com de Oleos S A\Arquivos\Python\importado\historico_precos_quimicos.xlsx
2026-03-20 14:10:17,932 - INFO - Script de coleta de precos finalizado.
